Archive member included to satisfy reference by file (symbol)

d:/11- imt - wazeefa tech/00- imt tools/02-arm/03- imt sdk/imt_sdk_win_64/winarm/armgcc/bin/../lib/gcc/arm-none-eabi/7.2.1/../../../../arm-none-eabi/lib/thumb/v7e-m\libg_nano.a(lib_a-errno.o)
                              ./system/src/newlib/_sbrk.o (__errno)
d:/11- imt - wazeefa tech/00- imt tools/02-arm/03- imt sdk/imt_sdk_win_64/winarm/armgcc/bin/../lib/gcc/arm-none-eabi/7.2.1/../../../../arm-none-eabi/lib/thumb/v7e-m\libg_nano.a(lib_a-impure.o)
                              d:/11- imt - wazeefa tech/00- imt tools/02-arm/03- imt sdk/imt_sdk_win_64/winarm/armgcc/bin/../lib/gcc/arm-none-eabi/7.2.1/../../../../arm-none-eabi/lib/thumb/v7e-m\libg_nano.a(lib_a-errno.o) (_impure_ptr)
d:/11- imt - wazeefa tech/00- imt tools/02-arm/03- imt sdk/imt_sdk_win_64/winarm/armgcc/bin/../lib/gcc/arm-none-eabi/7.2.1/../../../../arm-none-eabi/lib/thumb/v7e-m\libg_nano.a(lib_a-strlen.o)
                              ./system/src/diag/Trace.o (strlen)
d:/11- imt - wazeefa tech/00- imt tools/02-arm/03- imt sdk/imt_sdk_win_64/winarm/armgcc/bin/../lib/gcc/arm-none-eabi/7.2.1/../../../../arm-none-eabi/lib/thumb/v7e-m\libg_nano.a(lib_a-vsnprintf.o)
                              ./system/src/diag/Trace.o (vsnprintf)
d:/11- imt - wazeefa tech/00- imt tools/02-arm/03- imt sdk/imt_sdk_win_64/winarm/armgcc/bin/../lib/gcc/arm-none-eabi/7.2.1/../../../../arm-none-eabi/lib/thumb/v7e-m\libg_nano.a(lib_a-nano-svfprintf.o)
                              d:/11- imt - wazeefa tech/00- imt tools/02-arm/03- imt sdk/imt_sdk_win_64/winarm/armgcc/bin/../lib/gcc/arm-none-eabi/7.2.1/../../../../arm-none-eabi/lib/thumb/v7e-m\libg_nano.a(lib_a-vsnprintf.o) (_svfprintf_r)
d:/11- imt - wazeefa tech/00- imt tools/02-arm/03- imt sdk/imt_sdk_win_64/winarm/armgcc/bin/../lib/gcc/arm-none-eabi/7.2.1/../../../../arm-none-eabi/lib/thumb/v7e-m\libg_nano.a(lib_a-nano-vfprintf_i.o)
                              d:/11- imt - wazeefa tech/00- imt tools/02-arm/03- imt sdk/imt_sdk_win_64/winarm/armgcc/bin/../lib/gcc/arm-none-eabi/7.2.1/../../../../arm-none-eabi/lib/thumb/v7e-m\libg_nano.a(lib_a-nano-svfprintf.o) (_printf_i)
d:/11- imt - wazeefa tech/00- imt tools/02-arm/03- imt sdk/imt_sdk_win_64/winarm/armgcc/bin/../lib/gcc/arm-none-eabi/7.2.1/../../../../arm-none-eabi/lib/thumb/v7e-m\libg_nano.a(lib_a-memchr.o)
                              d:/11- imt - wazeefa tech/00- imt tools/02-arm/03- imt sdk/imt_sdk_win_64/winarm/armgcc/bin/../lib/gcc/arm-none-eabi/7.2.1/../../../../arm-none-eabi/lib/thumb/v7e-m\libg_nano.a(lib_a-nano-svfprintf.o) (memchr)
d:/11- imt - wazeefa tech/00- imt tools/02-arm/03- imt sdk/imt_sdk_win_64/winarm/armgcc/bin/../lib/gcc/arm-none-eabi/7.2.1/../../../../arm-none-eabi/lib/thumb/v7e-m\libg_nano.a(lib_a-memcpy-stub.o)
                              d:/11- imt - wazeefa tech/00- imt tools/02-arm/03- imt sdk/imt_sdk_win_64/winarm/armgcc/bin/../lib/gcc/arm-none-eabi/7.2.1/../../../../arm-none-eabi/lib/thumb/v7e-m\libg_nano.a(lib_a-nano-svfprintf.o) (memcpy)
d:/11- imt - wazeefa tech/00- imt tools/02-arm/03- imt sdk/imt_sdk_win_64/winarm/armgcc/bin/../lib/gcc/arm-none-eabi/7.2.1/../../../../arm-none-eabi/lib/thumb/v7e-m\libg_nano.a(lib_a-memmove.o)
                              d:/11- imt - wazeefa tech/00- imt tools/02-arm/03- imt sdk/imt_sdk_win_64/winarm/armgcc/bin/../lib/gcc/arm-none-eabi/7.2.1/../../../../arm-none-eabi/lib/thumb/v7e-m\libg_nano.a(lib_a-nano-svfprintf.o) (memmove)
d:/11- imt - wazeefa tech/00- imt tools/02-arm/03- imt sdk/imt_sdk_win_64/winarm/armgcc/bin/../lib/gcc/arm-none-eabi/7.2.1/../../../../arm-none-eabi/lib/thumb/v7e-m\libg_nano.a(lib_a-nano-freer.o)
                              d:/11- imt - wazeefa tech/00- imt tools/02-arm/03- imt sdk/imt_sdk_win_64/winarm/armgcc/bin/../lib/gcc/arm-none-eabi/7.2.1/../../../../arm-none-eabi/lib/thumb/v7e-m\libg_nano.a(lib_a-nano-svfprintf.o) (_free_r)
d:/11- imt - wazeefa tech/00- imt tools/02-arm/03- imt sdk/imt_sdk_win_64/winarm/armgcc/bin/../lib/gcc/arm-none-eabi/7.2.1/../../../../arm-none-eabi/lib/thumb/v7e-m\libg_nano.a(lib_a-nano-mallocr.o)
                              d:/11- imt - wazeefa tech/00- imt tools/02-arm/03- imt sdk/imt_sdk_win_64/winarm/armgcc/bin/../lib/gcc/arm-none-eabi/7.2.1/../../../../arm-none-eabi/lib/thumb/v7e-m\libg_nano.a(lib_a-nano-svfprintf.o) (_malloc_r)
d:/11- imt - wazeefa tech/00- imt tools/02-arm/03- imt sdk/imt_sdk_win_64/winarm/armgcc/bin/../lib/gcc/arm-none-eabi/7.2.1/../../../../arm-none-eabi/lib/thumb/v7e-m\libg_nano.a(lib_a-nano-reallocr.o)
                              d:/11- imt - wazeefa tech/00- imt tools/02-arm/03- imt sdk/imt_sdk_win_64/winarm/armgcc/bin/../lib/gcc/arm-none-eabi/7.2.1/../../../../arm-none-eabi/lib/thumb/v7e-m\libg_nano.a(lib_a-nano-svfprintf.o) (_realloc_r)
d:/11- imt - wazeefa tech/00- imt tools/02-arm/03- imt sdk/imt_sdk_win_64/winarm/armgcc/bin/../lib/gcc/arm-none-eabi/7.2.1/../../../../arm-none-eabi/lib/thumb/v7e-m\libg_nano.a(lib_a-sbrkr.o)
[...]
Memory Configuration

Name             Origin             Length             Attributes
RAM              0x20000000         0x00010000         xrw
CCMRAM           0x10000000         0x00000000         xrw
FLASH            0x08000000         0x00040000         xr
FLASHB1          0x00000000         0x00000000         xr
EXTMEMB0         0x00000000         0x00000000         xr
EXTMEMB1         0x00000000         0x00000000         xr
EXTMEMB2         0x00000000         0x00000000         xr
EXTMEMB3         0x00000000         0x00000000         xr
*default*        0x00000000         0xffffffff

Linker script and memory map

LOAD ./system/src/stm32f4-hal/stm32f4xx_hal.o
LOAD ./system/src/stm32f4-hal/stm32f4xx_hal_cortex.o
LOAD ./system/src/stm32f4-hal/stm32f4xx_hal_dfsdm.o
LOAD ./system/src/stm32f4-hal/stm32f4xx_hal_flash.o
LOAD ./system/src/stm32f4-hal/stm32f4xx_hal_gpio.o
LOAD ./system/src/stm32f4-hal/stm32f4xx_hal_iwdg.o
LOAD ./system/src/stm32f4-hal/stm32f4xx_hal_pwr.o
LOAD ./system/src/stm32f4-hal/stm32f4xx_hal_rcc.o
LOAD ./system/src/newlib/_cxx.o
LOAD ./system/src/newlib/_exit.o
LOAD ./system/src/newlib/_sbrk.o
LOAD ./system/src/newlib/_startup.o
LOAD ./system/src/newlib/_syscalls.o
LOAD ./system/src/newlib/assert.o
LOAD ./system/src/diag/Trace.o
LOAD ./system/src/diag/trace_impl.o
LOAD ./system/src/cortexm/_initialize_hardware.o
LOAD ./system/src/cortexm/_reset_hardware.o
LOAD ./system/src/cortexm/exception_handlers.o
LOAD ./system/src/cmsis/system_stm32f4xx.o
LOAD ./system/src/cmsis/vectors_stm32f401xc.o
LOAD ./src/Amr_Diab_Frames.o
LOAD ./src/DAC_program.o
LOAD ./src/EXTI_program.o
LOAD ./src/GPIO_program.o
LOAD ./src/GPTIM _program.o
LOAD ./src/HESP_prg.o
LOAD ./src/IR_program.o
LOAD ./src/MRCC_program.o
LOAD ./src/NVIC_program.o
LOAD ./src/SPI.o
LOAD ./src/STP_program.o
LOAD ./src/SYSTICK_program.o
LOAD ./src/TFT_program.o
LOAD ./src/Tamer_Ashour_Frames.o
LOAD ./src/UART_Prog.o
LOAD ./src/main.o
LOAD ./src/stm32f4xx_hal_msp.o
LOAD d:/11- imt - wazeefa tech/00- imt tools/02-arm/03- imt sdk/imt_sdk_win_64/winarm/armgcc/bin/../lib/gcc/arm-none-eabi/7.2.1/../../../../arm-none-eabi/lib/thumb/v7e-m\libstdc++_nano.a
LOAD d:/11- imt - wazeefa tech/00- imt tools/02-arm/03- imt sdk/imt_sdk_win_64/winarm/armgcc/bin/../lib/gcc/arm-none-eabi/7.2.1/../../../../arm-none-eabi/lib/thumb/v7e-m\libm.a
START GROUP
LOAD d:/11- imt - wazeefa tech/00- imt tools/02-arm/03- imt sdk/imt_sdk_win_64/winarm/armgcc/bin/../lib/gcc/arm-none-eabi/7.2.1/thumb/v7e-m\libgcc.a
LOAD d:/11- imt - wazeefa tech/00- imt tools/02-arm/03- imt sdk/imt_sdk_win_64/winarm/armgcc/bin/../lib/gcc/arm-none-eabi/7.2.1/../../../../arm-none-eabi/lib/thumb/v7e-m\libg_nano.a
LOAD d:/11- imt - wazeefa tech/00- imt tools/02-arm/03- imt sdk/imt_sdk_win_64/winarm/armgcc/bin/../lib/gcc/arm-none-eabi/7.2.1/../../../../arm-none-eabi/lib/thumb/v7e-m\libc_nano.a
END GROUP
START GROUP
LOAD d:/11- imt - wazeefa tech/00- imt tools/02-arm/03- imt sdk/imt_sdk_win_64/winarm/armgcc/bin/../lib/gcc/arm-none-eabi/7.2.1/thumb/v7e-m\libgcc.a
LOAD d:/11- imt - wazeefa tech/00- imt tools/02-arm/03- imt sdk/imt_sdk_win_64/winarm/armgcc/bin/../lib/gcc/arm-none-eabi/7.2.1/../../../../arm-none-eabi/lib/thumb/v7e-m\libc_nano.a
END GROUP
                0x20010000                __stack = (ORIGIN (RAM) + LENGTH (RAM))
                0x20010000                _estack = __stack
                0x00000400                __Main_Stack_Size = 0x400
                [!provide]                PROVIDE (_Main_Stack_Size, __Main_Stack_Size)
                0x2000fc00                __Main_Stack_Limit = (__stack - __Main_Stack_Size)
                [!provide]                PROVIDE (_Main_Stack_Limit, __Main_Stack_Limit)
                0x00000100                _Minimum_Stack_Size = 0x100
                0x2000029c                PROVIDE (_Heap_Begin, _end_noinit)
                0x2000fc00                PROVIDE (_Heap_Limit, (__stack - __Main_Stack_Size))

.isr_vector     0x08000000      0x3f4
 FILL mask 0xff
                0x08000000                __vectors_start = ABSOLUTE (.)
                0x08000000                __vectors_start__ = ABSOLUTE (.)
 *(.isr_vector)
 .isr_vector    0x08000000      0x194 ./system/src/cmsis/vectors_stm32f401xc.o
                0x08000000                __isr_vectors
 *(.cfmconfig)
 *(.after_vectors .after_vectors.*)
 .after_vectors
                0x08000194      0x130 ./system/src/newlib/_startup.o
                0x08000194                _start
 .after_vectors
                0x080002c4      0x12c ./system/src/cortexm/exception_handlers.o
                0x080002c4                Reset_Handler
                0x080002ca                NMI_Handler
                0x080002ce                HardFault_Handler
                0x080002e2                HardFault_Handler_C
                0x08000340                MemManage_Handler
                0x08000344                BusFault_Handler
                0x08000358                BusFault_Handler_C
                0x0800038c                UsageFault_Handler
                0x080003a0                UsageFault_Handler_C
                0x080003d4                SVC_Handler
                0x080003d8                DebugMon_Handler
                0x080003dc                PendSV_Handler
 .after_vectors
                0x080003f0        0x4 ./system/src/cmsis/vectors_stm32f401xc.o
                0x080003f0                RTC_Alarm_IRQHandler
                0x080003f0                EXTI2_IRQHandler
                0x080003f0                SPI4_IRQHandler
                0x080003f0                TIM1_CC_IRQHandler
                0x080003f0                DMA2_Stream5_IRQHandler
                0x080003f0                DMA1_Stream5_IRQHandler
                0x080003f0                PVD_IRQHandler
                0x080003f0                SDIO_IRQHandler
                0x080003f0                TAMP_STAMP_IRQHandler
                0x080003f0                EXTI3_IRQHandler
                0x080003f0                TIM1_UP_TIM10_IRQHandler
                0x080003f0                I2C3_ER_IRQHandler
                0x080003f0                I2C2_EV_IRQHandler
                0x080003f0                DMA1_Stream2_IRQHandler
                0x080003f0                FPU_IRQHandler
                0x080003f0                DMA2_Stream2_IRQHandler
                0x080003f0                SPI1_IRQHandler
                0x080003f0                TIM1_BRK_TIM9_IRQHandler
                0x080003f0                DMA2_Stream3_IRQHandler
                0x080003f0                DMA2_Stream0_IRQHandler
                0x080003f0                I2C1_EV_IRQHandler
                0x080003f0                DMA1_Stream6_IRQHandler
                0x080003f0                DMA1_Stream1_IRQHandler
                0x080003f0                RCC_IRQHandler
                0x080003f0                Default_Handler
                0x080003f0                EXTI15_10_IRQHandler
                0x080003f0                ADC_IRQHandler
                0x080003f0                DMA1_Stream7_IRQHandler
                0x080003f0                DMA2_Stream7_IRQHandler
                0x080003f0                I2C3_EV_IRQHandler
                0x080003f0                EXTI9_5_IRQHandler
                0x080003f0                RTC_WKUP_IRQHandler
                0x080003f0                SPI2_IRQHandler
                0x080003f0                DMA1_Stream0_IRQHandler
                0x080003f0                EXTI4_IRQHandler
                0x080003f0                WWDG_IRQHandler
                0x080003f0                OTG_FS_WKUP_IRQHandler
                0x080003f0                TIM1_TRG_COM_TIM11_IRQHandler
                0x080003f0                USART2_IRQHandler
                0x080003f0                I2C2_ER_IRQHandler
                0x080003f0                DMA2_Stream1_IRQHandler
                0x080003f0                FLASH_IRQHandler
                0x080003f0                DMA2_Stream4_IRQHandler
                0x080003f0                OTG_FS_IRQHandler
                0x080003f0                SPI3_IRQHandler
                0x080003f0                DMA1_Stream4_IRQHandler
                0x080003f0                I2C1_ER_IRQHandler
                0x080003f0                DMA2_Stream6_IRQHandler
                0x080003f0                DMA1_Stream3_IRQHandler

.inits          0x080003f4       0x28
                0x080003f4                __data_regions_array_start = .
                0x080003f4        0x4 LONG 0x8039e98 LOADADDR (.data)
                0x080003f8        0x4 LONG 0x20000000 ADDR (.data)
                0x080003fc        0x4 LONG 0x20000084 (ADDR (.data) + SIZEOF (.data))
                0x08000400        0x4 LONG 0x8039e98 LOADADDR (.data_CCMRAM)
                0x08000404        0x4 LONG 0x10000000 ADDR (.data_CCMRAM)
                0x08000408        0x4 LONG 0x10000000 (ADDR (.data_CCMRAM) + SIZEOF (.data_CCMRAM))
                0x0800040c                __data_regions_array_end = .
                0x0800040c                __bss_regions_array_start = .
                0x0800040c        0x4 LONG 0x20000084 ADDR (.bss)
                0x08000410        0x4 LONG 0x2000029c (ADDR (.bss) + SIZEOF (.bss))
                0x08000414        0x4 LONG 0x10000000 ADDR (.bss_CCMRAM)
                0x08000418        0x4 LONG 0x10000000 (ADDR (.bss_CCMRAM) + SIZEOF (.bss_CCMRAM))
                0x0800041c                __bss_regions_array_end = .
 *(.init)
 *(.fini)
                0x0800041c                . = ALIGN (0x4)
                0x0800041c                PROVIDE (__preinit_array_start, .)
 *(.preinit_array_sysinit .preinit_array_sysinit.*)
 *(.preinit_array_platform .preinit_array_platform.*)
 *(.preinit_array .preinit_array.*)
                0x0800041c                PROVIDE (__preinit_array_end, .)
                0x0800041c                . = ALIGN (0x4)
                0x0800041c                PROVIDE (__init_array_start, .)
 *(SORT_BY_NAME(.init_array.*))
 *(.init_array)
                0x0800041c                PROVIDE (__init_array_end, .)
                0x0800041c                . = ALIGN (0x4)
                0x0800041c                PROVIDE (__fini_array_start, .)
 *(SORT_BY_NAME(.fini_array.*))
 *(.fini_array)
                0x0800041c                PROVIDE (__fini_array_end, .)

.flashtext
 *(.flashtext .flashtext.*)

.text           0x08000420    0x39a77
 *(.text .text.*)
 .text._exit    0x08000420        0x2 ./system/src/newlib/_exit.o
                0x08000420                _exit
 *fill*         0x08000422        0x2 
 .text._sbrk    0x08000424       0x44 ./system/src/newlib/_sbrk.o
                0x08000424                _sbrk
 .text.__initialize_args
                0x08000468       0x10 ./system/src/newlib/_syscalls.o
                0x08000468                __initialize_args
 .text.trace_printf
                0x08000478       0x30 ./system/src/diag/Trace.o
                0x08000478                trace_printf
 .text._trace_write_semihosting_debug
                0x080004a8       0x60 ./system/src/diag/trace_impl.o
 .text.trace_write
                0x08000508        0x8 ./system/src/diag/trace_impl.o
                0x08000508                trace_write
 .text.__initialize_hardware_early
                0x08000510       0x18 ./system/src/cortexm/_initialize_hardware.o
                0x08000510                __initialize_hardware_early
 .text.__initialize_hardware
                0x08000528        0x8 ./system/src/cortexm/_initialize_hardware.o
                0x08000528                __initialize_hardware
 .text.dumpExceptionStack
                0x08000530       0xf4 ./system/src/cortexm/exception_handlers.o
                0x08000530                dumpExceptionStack
 .text.isSemihosting
                0x08000624       0x20 ./system/src/cortexm/exception_handlers.o
                0x08000624                isSemihosting
 .text.SystemInit
                0x08000644       0x40 ./system/src/cmsis/system_stm32f4xx.o
                0x08000644                SystemInit
 .text.SystemCoreClockUpdate
                0x08000684       0x9c ./system/src/cmsis/system_stm32f4xx.o
                0x08000684                SystemCoreClockUpdate
 .text.Amr_Diab_Frame1
                0x08000720       0x44 ./src/Amr_Diab_Frames.o
                0x08000720                Amr_Diab_Frame1
 .text.Amr_Diab_Frame2
                0x08000764       0x44 ./src/Amr_Diab_Frames.o
                0x08000764                Amr_Diab_Frame2
 .text.Amr_Diab_Frame3
                0x080007a8       0x44 ./src/Amr_Diab_Frames.o
                0x080007a8                Amr_Diab_Frame3
 .text.Amr_Diab_Frame4
                0x080007ec       0x44 ./src/Amr_Diab_Frames.o
                0x080007ec                Amr_Diab_Frame4
 .text.Amr_Diab_Frame5
                0x08000830       0x44 ./src/Amr_Diab_Frames.o
                0x08000830                Amr_Diab_Frame5
 .text.Amr_Diab_Frame6
                0x08000874       0x44 ./src/Amr_Diab_Frames.o
                0x08000874                Amr_Diab_Frame6
 .text.Amr_Diab_Frame7
                0x080008b8       0x44 ./src/Amr_Diab_Frames.o
                0x080008b8                Amr_Diab_Frame7
 .text.Amr_Diab_Frame8
                0x080008fc       0x44 ./src/Amr_Diab_Frames.o
                0x080008fc                Amr_Diab_Frame8
 .text.Amr_Diab_Frame9
                0x08000940       0x44 ./src/Amr_Diab_Frames.o
                0x08000940                Amr_Diab_Frame9
 .text.Amr_Diab_Frame10
                0x08000984       0x44 ./src/Amr_Diab_Frames.o
                0x08000984                Amr_Diab_Frame10
 .text.Amr_Diab_Frame11
                0x080009c8       0x44 ./src/Amr_Diab_Frames.o
                0x080009c8                Amr_Diab_Frame11
 .text.Amr_Diab_Frame12
                0x08000a0c       0x44 ./src/Amr_Diab_Frames.o
                0x08000a0c                Amr_Diab_Frame12
 .text.Amr_Diab_Frame13
                0x08000a50       0x44 ./src/Amr_Diab_Frames.o
                0x08000a50                Amr_Diab_Frame13
 .text.Amr_Diab_Frame14
                0x08000a94       0x44 ./src/Amr_Diab_Frames.o
                0x08000a94                Amr_Diab_Frame14
 .text.Amr_Diab_Frame15
                0x08000ad8       0x44 ./src/Amr_Diab_Frames.o
                0x08000ad8                Amr_Diab_Frame15
 .text.Amr_Diab_Frame16
                0x08000b1c       0x44 ./src/Amr_Diab_Frames.o
                0x08000b1c                Amr_Diab_Frame16
 .text.Amr_Diab_Frame17
                0x08000b60       0x44 ./src/Amr_Diab_Frames.o
                0x08000b60                Amr_Diab_Frame17
 .text.Amr_Diab_Frame18
                0x08000ba4       0x44 ./src/Amr_Diab_Frames.o
                0x08000ba4                Amr_Diab_Frame18
 .text.Amr_Diab_Frame19
                0x08000be8       0x44 ./src/Amr_Diab_Frames.o
                0x08000be8                Amr_Diab_Frame19
 .text.Amr_Diab_Frame20
                0x08000c2c       0x44 ./src/Amr_Diab_Frames.o
                0x08000c2c                Amr_Diab_Frame20
 .text.Amr_Diab_Frame21
                0x08000c70       0x44 ./src/Amr_Diab_Frames.o
                0x08000c70                Amr_Diab_Frame21
 .text.Amr_Diab_Frame22
                0x08000cb4       0x44 ./src/Amr_Diab_Frames.o
                0x08000cb4                Amr_Diab_Frame22
 .text.Amr_Diab_Frame23
                0x08000cf8       0x44 ./src/Amr_Diab_Frames.o
                0x08000cf8                Amr_Diab_Frame23
 .text.Amr_Diab_Frame24
                0x08000d3c       0x44 ./src/Amr_Diab_Frames.o
                0x08000d3c                Amr_Diab_Frame24
 .text.Amr_Diab_Frame25
                0x08000d80       0x44 ./src/Amr_Diab_Frames.o
                0x08000d80                Amr_Diab_Frame25
 .text.Amr_Diab_Frame26
                0x08000dc4       0x44 ./src/Amr_Diab_Frames.o
                0x08000dc4                Amr_Diab_Frame26
 .text.Amr_Diab_Frame27
                0x08000e08       0x44 ./src/Amr_Diab_Frames.o
                0x08000e08                Amr_Diab_Frame27
 .text.Amr_Diab_Frame28
                0x08000e4c       0x44 ./src/Amr_Diab_Frames.o
                0x08000e4c                Amr_Diab_Frame28
 .text.Amr_Diab_Frame29
                0x08000e90       0x44 ./src/Amr_Diab_Frames.o
                0x08000e90                Amr_Diab_Frame29
 .text.Amr_Diab_Frame30
                0x08000ed4       0x44 ./src/Amr_Diab_Frames.o
                0x08000ed4                Amr_Diab_Frame30
 .text.HR2RDAC_vInit
                0x08000f18      0x104 ./src/DAC_program.o
                0x08000f18                HR2RDAC_vInit
 .text.HR2RDAC_vSetData
                0x0800101c       0xd0 ./src/DAC_program.o
                0x0800101c                HR2RDAC_vSetData
 .text.MEXTI_voidInerruptSetPort
                0x080010ec       0x34 ./src/EXTI_program.o
                0x080010ec                MEXTI_voidInerruptSetPort
 .text.MEXTI_voidInterruptEnableDisable
                0x08001120       0x30 ./src/EXTI_program.o
                0x08001120                MEXTI_voidInterruptEnableDisable
 .text.MEXTI_voidInterruptTrigger
                0x08001150       0x58 ./src/EXTI_program.o
                0x08001150                MEXTI_voidInterruptTrigger
 .text.MEXTI0_voidCallBack
                0x080011a8        0xc ./src/EXTI_program.o
                0x080011a8                MEXTI0_voidCallBack
 .text.EXTI0_IRQHandler
                0x080011b4       0x1c ./src/EXTI_program.o
                0x080011b4                EXTI0_IRQHandler
 .text.EXTI1_IRQHandler
                0x080011d0       0x1c ./src/EXTI_program.o
                0x080011d0                EXTI1_IRQHandler
 .text.MGPIO_vSetMode
                0x080011ec       0x84 ./src/GPIO_program.o
                0x080011ec                MGPIO_vSetMode
 .text.MGPIO_vSetOutputMode
                0x08001270       0xc0 ./src/GPIO_program.o
                0x08001270                MGPIO_vSetOutputMode
 .text.MGPIO_vSetInputMode
                0x08001330       0x84 ./src/GPIO_program.o
                0x08001330                MGPIO_vSetInputMode
 .text.MGPIO_vWritePin
                0x080013b4       0x78 ./src/GPIO_program.o
                0x080013b4                MGPIO_vWritePin
 .text.MGPIO_vSetAlternativeMode
                0x0800142c       0xbc ./src/GPIO_program.o
                0x0800142c                MGPIO_vSetAlternativeMode
 .text.TIM2_voidInit
                0x080014e8       0x3a ./src/GPTIM _program.o
                0x080014e8                TIM2_voidInit
 *fill*         0x08001522        0x2 
 .text.TIM2_voidSetBusyWait
                0x08001524       0x8c ./src/GPTIM _program.o
                0x08001524                TIM2_voidSetBusyWait
 .text.TIM3_voidInit
                0x080015b0       0x3c ./src/GPTIM _program.o
                0x080015b0                TIM3_voidInit
 .text.TIM3_voidSetIntervalPeriodic
                0x080015ec       0x7c ./src/GPTIM _program.o
                0x080015ec                TIM3_voidSetIntervalPeriodic
 .text.TIM5_voidInit
                0x08001668       0x3c ./src/GPTIM _program.o
                0x08001668                TIM5_voidInit
 .text.TIM5_voidSetIntervalPeriodic
                0x080016a4       0x7c ./src/GPTIM _program.o
                0x080016a4                TIM5_voidSetIntervalPeriodic
 .text.TIM2_IRQHandler
                0x08001720       0xe0 ./src/GPTIM _program.o
                0x08001720                TIM2_IRQHandler
 .text.TIM3_IRQHandler
                0x08001800       0xd8 ./src/GPTIM _program.o
                0x08001800                TIM3_IRQHandler
 .text.TIM4_IRQHandler
                0x080018d8       0xd8 ./src/GPTIM _program.o
                0x080018d8                TIM4_IRQHandler
 .text.TIM5_IRQHandler
                0x080019b0       0xd8 ./src/GPTIM _program.o
                0x080019b0                TIM5_IRQHandler
 .text.voidTakeAction
                0x08001a88       0x98 ./src/IR_program.o
                0x08001a88                voidTakeAction
 .text.PlayFunction_voidcallback
                0x08001b20        0xc ./src/IR_program.o
                0x08001b20                PlayFunction_voidcallback
 .text.voidGetFrame
                0x08001b2c       0x60 ./src/IR_program.o
                0x08001b2c                voidGetFrame
 .text.MRCC_vInt
                0x08001b8c       0x28 ./src/MRCC_program.o
                0x08001b8c                MRCC_vInt
 .text.MRCC_vEnable
                0x08001bb4       0x64 ./src/MRCC_program.o
                0x08001bb4                MRCC_vEnable
 .text.NVIC_vEnable
                0x08001c18       0x24 ./src/NVIC_program.o
                0x08001c18                NVIC_vEnable
 .text.NVIC_VoidSetInterruptGroupMode
                0x08001c3c       0x24 ./src/NVIC_program.o
                0x08001c3c                NVIC_VoidSetInterruptGroupMode
 .text.NVIC_VoidSetInterruptPriority
                0x08001c60       0x80 ./src/NVIC_program.o
                0x08001c60                NVIC_VoidSetInterruptPriority
 .text.MSPI_VoidInit
                0x08001ce0       0x60 ./src/SPI.o
                0x08001ce0                MSPI_VoidInit
 .text.MSPI_u16Transceive
                0x08001d40       0x24 ./src/SPI.o
                0x08001d40                MSPI_u16Transceive
 .text.S2P_vInit
                0x08001d64       0x46 ./src/STP_program.o
                0x08001d64                S2P_vInit
 .text.S2P_vSendPulse
                0x08001daa       0x24 ./src/STP_program.o
                0x08001daa                S2P_vSendPulse
 .text.S2P_vSendData
                0x08001dce       0x46 ./src/STP_program.o
                0x08001dce                S2P_vSendData
 .text.MSYSYTICK_voidInit
                0x08001e14       0x10 ./src/SYSTICK_program.o
                0x08001e14                MSYSYTICK_voidInit
 .text.MSYSYTICK_voidStart
                0x08001e24       0x18 ./src/SYSTICK_program.o
                0x08001e24                MSYSYTICK_voidStart
 .text.MSYSYTICK_voidCtrlIntState
                0x08001e3c       0x24 ./src/SYSTICK_program.o
                0x08001e3c                MSYSYTICK_voidCtrlIntState
 .text.MSTK_u32GetElapsedTime
                0x08001e60       0x10 ./src/SYSTICK_program.o
                0x08001e60                MSTK_u32GetElapsedTime
 .text.MSTK_voidSetInterval_single
                0x08001e70       0x1c ./src/SYSTICK_program.o
                0x08001e70                MSTK_voidSetInterval_single
 .text.SysTick_Handler
                0x08001e8c       0x24 ./src/SYSTICK_program.o
                0x08001e8c                SysTick_Handler
 .text.HTFT_voidWriteData
                0x08001eb0       0x16 ./src/TFT_program.o
 .text.HTFT_voidWriteCommand
                0x08001ec6       0x16 ./src/TFT_program.o
 .text.HTFT_voidInitialize
                0x08001edc       0xae ./src/TFT_program.o
                0x08001edc                HTFT_voidInitialize
 *fill*         0x08001f8a        0x2 
 .text.HTFT_voidDisplayImage
                0x08001f8c       0x90 ./src/TFT_program.o
                0x08001f8c                HTFT_voidDisplayImage
 .text.Tamer_Ashour_Frame1
                0x0800201c       0x44 ./src/Tamer_Ashour_Frames.o
                0x0800201c                Tamer_Ashour_Frame1
 .text.Tamer_Ashour_Frame2
                0x08002060       0x44 ./src/Tamer_Ashour_Frames.o
                0x08002060                Tamer_Ashour_Frame2
 .text.Tamer_Ashour_Frame3
                0x080020a4       0x44 ./src/Tamer_Ashour_Frames.o
                0x080020a4                Tamer_Ashour_Frame3
 .text.Tamer_Ashour_Frame4
                0x080020e8       0x44 ./src/Tamer_Ashour_Frames.o
                0x080020e8                Tamer_Ashour_Frame4
 .text.Tamer_Ashour_Frame5
                0x0800212c       0x44 ./src/Tamer_Ashour_Frames.o
                0x0800212c                Tamer_Ashour_Frame5
 .text.Tamer_Ashour_Frame6
                0x08002170       0x44 ./src/Tamer_Ashour_Frames.o
                0x08002170                Tamer_Ashour_Frame6
 .text.Tamer_Ashour_Frame7
                0x080021b4       0x44 ./src/Tamer_Ashour_Frames.o
                0x080021b4                Tamer_Ashour_Frame7
 .text.Tamer_Ashour_Frame8
                0x080021f8       0x44 ./src/Tamer_Ashour_Frames.o
                0x080021f8                Tamer_Ashour_Frame8
 .text.Tamer_Ashour_Frame9
                0x0800223c       0x44 ./src/Tamer_Ashour_Frames.o
                0x0800223c                Tamer_Ashour_Frame9
 .text.Tamer_Ashour_Frame10
                0x08002280       0x44 ./src/Tamer_Ashour_Frames.o
                0x08002280                Tamer_Ashour_Frame10
 .text.Tamer_Ashour_Frame11
                0x080022c4       0x44 ./src/Tamer_Ashour_Frames.o
                0x080022c4                Tamer_Ashour_Frame11
 .text.Tamer_Ashour_Frame12
                0x08002308       0x44 ./src/Tamer_Ashour_Frames.o
                0x08002308                Tamer_Ashour_Frame12
 .text.Tamer_Ashour_Frame13
                0x0800234c       0x44 ./src/Tamer_Ashour_Frames.o
                0x0800234c                Tamer_Ashour_Frame13
 .text.Tamer_Ashour_Frame14
                0x08002390       0x44 ./src/Tamer_Ashour_Frames.o
                0x08002390                Tamer_Ashour_Frame14
 .text.Tamer_Ashour_Frame15
                0x080023d4       0x44 ./src/Tamer_Ashour_Frames.o
                0x080023d4                Tamer_Ashour_Frame15
 .text.Tamer_Ashour_Frame16
                0x08002418       0x44 ./src/Tamer_Ashour_Frames.o
                0x08002418                Tamer_Ashour_Frame16
 .text.Tamer_Ashour_Frame17
                0x0800245c       0x44 ./src/Tamer_Ashour_Frames.o
                0x0800245c                Tamer_Ashour_Frame17
 .text.Tamer_Ashour_Frame18
                0x080024a0       0x44 ./src/Tamer_Ashour_Frames.o
                0x080024a0                Tamer_Ashour_Frame18
 .text.Tamer_Ashour_Frame19
                0x080024e4       0x44 ./src/Tamer_Ashour_Frames.o
                0x080024e4                Tamer_Ashour_Frame19
 .text.Tamer_Ashour_Frame20
                0x08002528       0x44 ./src/Tamer_Ashour_Frames.o
                0x08002528                Tamer_Ashour_Frame20
 .text.Tamer_Ashour_Frame21
                0x0800256c       0x44 ./src/Tamer_Ashour_Frames.o
                0x0800256c                Tamer_Ashour_Frame21
 .text.Tamer_Ashour_Frame22
                0x080025b0       0x44 ./src/Tamer_Ashour_Frames.o
                0x080025b0                Tamer_Ashour_Frame22
 .text.Tamer_Ashour_Frame23
                0x080025f4       0x44 ./src/Tamer_Ashour_Frames.o
                0x080025f4                Tamer_Ashour_Frame23
 .text.Tamer_Ashour_Frame24
                0x08002638       0x44 ./src/Tamer_Ashour_Frames.o
                0x08002638                Tamer_Ashour_Frame24
 .text.Tamer_Ashour_Frame25
                0x0800267c       0x44 ./src/Tamer_Ashour_Frames.o
                0x0800267c                Tamer_Ashour_Frame25
 .text.Tamer_Ashour_Frame26
                0x080026c0       0x44 ./src/Tamer_Ashour_Frames.o
                0x080026c0                Tamer_Ashour_Frame26
 .text.Tamer_Ashour_Frame27
                0x08002704       0x44 ./src/Tamer_Ashour_Frames.o
                0x08002704                Tamer_Ashour_Frame27
 .text.Tamer_Ashour_Frame28
                0x08002748       0x44 ./src/Tamer_Ashour_Frames.o
                0x08002748                Tamer_Ashour_Frame28
 .text.Tamer_Ashour_Frame29
                0x0800278c       0x44 ./src/Tamer_Ashour_Frames.o
                0x0800278c                Tamer_Ashour_Frame29
 .text.USART1_IRQHandler
                0x080027d0       0x4c ./src/UART_Prog.o
                0x080027d0                USART1_IRQHandler
 .text.USART6_IRQHandler
                0x0800281c        0x2 ./src/UART_Prog.o
                0x0800281c                USART6_IRQHandler
 *fill*         0x0800281e        0x2 
 .text.Play_voidIR
                0x08002820       0x40 ./src/main.o
                0x08002820                Play_voidIR
 .text.OS_voidOrganizeTasks
                0x08002860       0xa0 ./src/main.o
                0x08002860                OS_voidOrganizeTasks
 .text.Play_LedMatrix
                0x08002900      0x488 ./src/main.o
                0x08002900                Play_LedMatrix
 .text.main     0x08002d88      0x1fc ./src/main.o
                0x08002d88                main
 .text.__errno  0x08002f84        0xc d:/11- imt - wazeefa tech/00- imt tools/02-arm/03- imt sdk/imt_sdk_win_64/winarm/armgcc/bin/../lib/gcc/arm-none-eabi/7.2.1/../../../../arm-none-eabi/lib/thumb/v7e-m\libg_nano.a(lib_a-errno.o)
                0x08002f84                __errno
 .text._vsnprintf_r
                0x08002f90       0x58 d:/11- imt - wazeefa tech/00- imt tools/02-arm/03- imt sdk/imt_sdk_win_64/winarm/armgcc/bin/../lib/gcc/arm-none-eabi/7.2.1/../../../../arm-none-eabi/lib/thumb/v7e-m\libg_nano.a(lib_a-vsnprintf.o)
                0x08002f90                _vsniprintf_r
                0x08002f90                _vsnprintf_r
 .text.vsnprintf
                0x08002fe8       0x1c d:/11- imt - wazeefa tech/00- imt tools/02-arm/03- imt sdk/imt_sdk_win_64/winarm/armgcc/bin/../lib/gcc/arm-none-eabi/7.2.1/../../../../arm-none-eabi/lib/thumb/v7e-m\libg_nano.a(lib_a-vsnprintf.o)
                0x08002fe8                vsniprintf
                0x08002fe8                vsnprintf
 .text.__ssputs_r
                0x08003004       0xb4 d:/11- imt - wazeefa tech/00- imt tools/02-arm/03- imt sdk/imt_sdk_win_64/winarm/armgcc/bin/../lib/gcc/arm-none-eabi/7.2.1/../../../../arm-none-eabi/lib/thumb/v7e-m\libg_nano.a(lib_a-nano-svfprintf.o)
                0x08003004                __ssputs_r
 .text._svfprintf_r
                0x080030b8      0x1ec d:/11- imt - wazeefa tech/00- imt tools/02-arm/03- imt sdk/imt_sdk_win_64/winarm/armgcc/bin/../lib/gcc/arm-none-eabi/7.2.1/../../../../arm-none-eabi/lib/thumb/v7e-m\libg_nano.a(lib_a-nano-svfprintf.o)
                0x080030b8                _svfiprintf_r
                0x080030b8                _svfprintf_r
 .text._printf_common
                0x080032a4       0xea d:/11- imt - wazeefa tech/00- imt tools/02-arm/03- imt sdk/imt_sdk_win_64/winarm/armgcc/bin/../lib/gcc/arm-none-eabi/7.2.1/../../../../arm-none-eabi/lib/thumb/v7e-m\libg_nano.a(lib_a-nano-vfprintf_i.o)
                0x080032a4                _printf_common
 *fill*         0x0800338e        0x2 
 .text._printf_i
                0x08003390      0x224 d:/11- imt - wazeefa tech/00- imt tools/02-arm/03- imt sdk/imt_sdk_win_64/winarm/armgcc/bin/../lib/gcc/arm-none-eabi/7.2.1/../../../../arm-none-eabi/lib/thumb/v7e-m\libg_nano.a(lib_a-nano-vfprintf_i.o)
                0x08003390                _printf_i
 *fill*         0x080035b4        0xc 
 .text          0x080035c0       0xa0 d:/11- imt - wazeefa tech/00- imt tools/02-arm/03- imt sdk/imt_sdk_win_64/winarm/armgcc/bin/../lib/gcc/arm-none-eabi/7.2.1/../../../../arm-none-eabi/lib/thumb/v7e-m\libg_nano.a(lib_a-memchr.o)
                0x080035c0                memchr
 .text.memcpy   0x08003660       0x16 d:/11- imt - wazeefa tech/00- imt tools/02-arm/03- imt sdk/imt_sdk_win_64/winarm/armgcc/bin/../lib/gcc/arm-none-eabi/7.2.1/../../../../arm-none-eabi/lib/thumb/v7e-m\libg_nano.a(lib_a-memcpy-stub.o)
                0x08003660                memcpy
 .text.memmove  0x08003676       0x32 d:/11- imt - wazeefa tech/00- imt tools/02-arm/03- imt sdk/imt_sdk_win_64/winarm/armgcc/bin/../lib/gcc/arm-none-eabi/7.2.1/../../../../arm-none-eabi/lib/thumb/v7e-m\libg_nano.a(lib_a-memmove.o)
                0x08003676                memmove
 .text._free_r  0x080036a8       0x9c d:/11- imt - wazeefa tech/00- imt tools/02-arm/03- imt sdk/imt_sdk_win_64/winarm/armgcc/bin/../lib/gcc/arm-none-eabi/7.2.1/../../../../arm-none-eabi/lib/thumb/v7e-m\libg_nano.a(lib_a-nano-freer.o)
                0x080036a8                _free_r
 .text._malloc_r
                0x08003744       0xb4 d:/11- imt - wazeefa tech/00- imt tools/02-arm/03- imt sdk/imt_sdk_win_64/winarm/armgcc/bin/../lib/gcc/arm-none-eabi/7.2.1/../../../../arm-none-eabi/lib/thumb/v7e-m\libg_nano.a(lib_a-nano-mallocr.o)
                0x08003744                _malloc_r
 .text._realloc_r
                0x080037f8       0x4c d:/11- imt - wazeefa tech/00- imt tools/02-arm/03- imt sdk/imt_sdk_win_64/winarm/armgcc/bin/../lib/gcc/arm-none-eabi/7.2.1/../../../../arm-none-eabi/lib/thumb/v7e-m\libg_nano.a(lib_a-nano-reallocr.o)
                0x080037f8                _realloc_r
 .text._sbrk_r  0x08003844       0x20 d:/11- imt - wazeefa tech/00- imt tools/02-arm/03- imt sdk/imt_sdk_win_64/winarm/armgcc/bin/../lib/gcc/arm-none-eabi/7.2.1/../../../../arm-none-eabi/lib/thumb/v7e-m\libg_nano.a(lib_a-sbrkr.o)
                0x08003844                _sbrk_r
 .text.__malloc_lock
                0x08003864        0x2 d:/11- imt - wazeefa tech/00- imt tools/02-arm/03- imt sdk/imt_sdk_win_64/winarm/armgcc/bin/../lib/gcc/arm-none-eabi/7.2.1/../../../../arm-none-eabi/lib/thumb/v7e-m\libg_nano.a(lib_a-mlock.o)
                0x08003864                __malloc_lock
 .text.__malloc_unlock
                0x08003866        0x2 d:/11- imt - wazeefa tech/00- imt tools/02-arm/03- imt sdk/imt_sdk_win_64/winarm/armgcc/bin/../lib/gcc/arm-none-eabi/7.2.1/../../../../arm-none-eabi/lib/thumb/v7e-m\libg_nano.a(lib_a-mlock.o)
                0x08003866                __malloc_unlock
 .text._malloc_usable_size_r
                0x08003868       0x10 d:/11- imt - wazeefa tech/00- imt tools/02-arm/03- imt sdk/imt_sdk_win_64/winarm/armgcc/bin/../lib/gcc/arm-none-eabi/7.2.1/../../../../arm-none-eabi/lib/thumb/v7e-m\libg_nano.a(lib_a-nano-msizer.o)
                0x08003868                _malloc_usable_size_r
 *(.rodata .rodata.* .constdata .constdata.*)
 .rodata.dumpExceptionStack.str1.4
                0x08003878      0x11a ./system/src/cortexm/exception_handlers.o
 *fill*         0x08003992        0x2 
 .rodata.str1.4
                0x08003994       0x2c ./system/src/cortexm/exception_handlers.o
                                 0x2a (size before relaxing)
 .rodata.AHBPrescTable
                0x080039c0       0x10 ./system/src/cmsis/system_stm32f4xx.o
                0x080039c0                AHBPrescTable
 .rodata.Amr_Diab_Photo
                0x080039d0     0xa000 ./src/main.o
                0x080039d0                Amr_Diab_Photo
 .rodata.Tamer_5aleny_f_7odnk
                0x0800d9d0    0x13f7e ./src/main.o
                0x0800d9d0                Tamer_5aleny_f_7odnk
 *fill*         0x0802194e        0x2 
 .rodata.Tamer_Ashour_Photo
                0x08021950     0xa000 ./src/main.o
                0x08021950                Tamer_Ashour_Photo
 .rodata.Wayah_Amr_Diab
                0x0802b950     0xe514 ./src/main.o
                0x0802b950                Wayah_Amr_Diab
 .rodata._svfprintf_r.str1.1
                0x08039e64       0x11 d:/11- imt - wazeefa tech/00- imt tools/02-arm/03- imt sdk/imt_sdk_win_64/winarm/armgcc/bin/../lib/gcc/arm-none-eabi/7.2.1/../../../../arm-none-eabi/lib/thumb/v7e-m\libg_nano.a(lib_a-nano-svfprintf.o)
 .rodata._printf_i.str1.1
                0x08039e75       0x22 d:/11- imt - wazeefa tech/00- imt tools/02-arm/03- imt sdk/imt_sdk_win_64/winarm/armgcc/bin/../lib/gcc/arm-none-eabi/7.2.1/../../../../arm-none-eabi/lib/thumb/v7e-m\libg_nano.a(lib_a-nano-vfprintf_i.o)
 *(vtable)
 *(.eh_frame*)
 *(.glue_7)
 .glue_7        0x08039e97        0x0 linker stubs
 *(.glue_7t)
 .glue_7t       0x08039e97        0x0 linker stubs

.vfp11_veneer   0x08039e98        0x0
 .vfp11_veneer  0x08039e98        0x0 linker stubs

.v4_bx          0x08039e98        0x0
 .v4_bx         0x08039e98        0x0 linker stubs

.iplt           0x08039e98        0x0
 .iplt          0x08039e98        0x0 ./system/src/newlib/_exit.o

.rel.dyn        0x08039e98        0x0
 .rel.iplt      0x08039e98        0x0 ./system/src/newlib/_exit.o

.ARM.extab
 *(.ARM.extab* .gnu.linkonce.armextab.*)
                0x08039e98                . = ALIGN (0x4)
                0x08039e98                __exidx_start = .

.ARM.exidx
 *(.ARM.exidx* .gnu.linkonce.armexidx.*)
                0x08039e98                __exidx_end = .
                0x08039e98                . = ALIGN (0x4)
                0x08039e98                _etext = .
                0x08039e98                __etext = .

.data_CCMRAM    0x10000000        0x0 load address 0x08039e98
 FILL mask 0xff
 *(.data.CCMRAM .data.CCMRAM.*)
                0x10000000                . = ALIGN (0x4)
                0x08039e98                _sidata = LOADADDR (.data)

.data           0x20000000       0x84 load address 0x08039e98
 FILL mask 0xff
                0x20000000                _sdata = .
                0x20000000                __data_start__ = .
 *(.data_begin .data_begin.*)
 .data_begin    0x20000000        0x4 ./system/src/newlib/_startup.o
 *(.data .data.*)
 .data.argv.4310
                0x20000004        0x8 ./system/src/newlib/_syscalls.o
 .data.SystemCoreClock
                0x2000000c        0x4 ./system/src/cmsis/system_stm32f4xx.o
                0x2000000c                SystemCoreClock
 .data.Global2_u8Flag
                0x20000010        0x1 ./src/GPTIM _program.o
 .data.Global3_u8Flag
                0x20000011        0x1 ./src/GPTIM _program.o
 .data.Global4_u8Flag
                0x20000012        0x1 ./src/GPTIM _program.o
 .data.Global5_u8Flag
                0x20000013        0x1 ./src/GPTIM _program.o
 .data.UART_RX_Fptr
                0x20000014        0x4 ./src/UART_Prog.o
                0x20000014                UART_RX_Fptr
 .data.UART_TX_Fptr
                0x20000018        0x4 ./src/UART_Prog.o
                0x20000018                UART_TX_Fptr
 .data._impure_ptr
                0x2000001c        0x4 d:/11- imt - wazeefa tech/00- imt tools/02-arm/03- imt sdk/imt_sdk_win_64/winarm/armgcc/bin/../lib/gcc/arm-none-eabi/7.2.1/../../../../arm-none-eabi/lib/thumb/v7e-m\libg_nano.a(lib_a-impure.o)
                0x2000001c                _impure_ptr
 .data.impure_data
                0x20000020       0x60 d:/11- imt - wazeefa tech/00- imt tools/02-arm/03- imt sdk/imt_sdk_win_64/winarm/armgcc/bin/../lib/gcc/arm-none-eabi/7.2.1/../../../../arm-none-eabi/lib/thumb/v7e-m\libg_nano.a(lib_a-impure.o)
 *(.data_end .data_end.*)
 .data_end      0x20000080        0x4 ./system/src/newlib/_startup.o
                0x20000084                . = ALIGN (0x4)
                0x20000084                _edata = .
                0x20000084                __data_end__ = .

.igot.plt       0x20000084        0x0 load address 0x08039f1c
 .igot.plt      0x20000084        0x0 ./system/src/newlib/_exit.o

.bss_CCMRAM     0x10000000        0x0
 *(.bss.CCMRAM .bss.CCMRAM.*)

.bss            0x20000084      0x218
                0x20000084                __bss_start__ = .
                0x20000084                _sbss = .
 *(.bss_begin .bss_begin.*)
 .bss_begin     0x20000084        0x4 ./system/src/newlib/_startup.o
 *(.bss .bss.*)
 .bss.current_heap_end.3961
                0x20000088        0x4 ./system/src/newlib/_sbrk.o
 .bss.name.4309
                0x2000008c        0x1 ./system/src/newlib/_syscalls.o
 *fill*         0x2000008d        0x3 
 .bss.buf.5205  0x20000090       0x80 ./system/src/diag/Trace.o
 .bss.L_counter.3792
                0x20000110        0x4 ./src/DAC_program.o
 .bss.GLOBAL_PTR
                0x20000114       0x40 ./src/EXTI_program.o
 .bss.Global2_u32CopyRoutine
                0x20000154        0x4 ./src/GPTIM _program.o
 .bss.Global2_u32Fraction
                0x20000158        0x4 ./src/GPTIM _program.o
 .bss.Global2_u32Routine
                0x2000015c        0x4 ./src/GPTIM _program.o
 .bss.Global3_u32CopyRoutine
                0x20000160        0x4 ./src/GPTIM _program.o
 .bss.Global3_u32Fraction
                0x20000164        0x4 ./src/GPTIM _program.o
 .bss.Global3_u32Routine
                0x20000168        0x4 ./src/GPTIM _program.o
 .bss.Global4_u32CopyRoutine
                0x2000016c        0x4 ./src/GPTIM _program.o
 .bss.Global4_u32Fraction
                0x20000170        0x4 ./src/GPTIM _program.o
 .bss.Global4_u32Routine
                0x20000174        0x4 ./src/GPTIM _program.o
 .bss.Global5_u32CopyRoutine
                0x20000178        0x4 ./src/GPTIM _program.o
 .bss.Global5_u32Fraction
                0x2000017c        0x4 ./src/GPTIM _program.o
 .bss.Global5_u32Routine
                0x20000180        0x4 ./src/GPTIM _program.o
 .bss.TIM2_CallBack
                0x20000184        0x4 ./src/GPTIM _program.o
 .bss.TIM2_u8ModeOfInterval
                0x20000188        0x1 ./src/GPTIM _program.o
 *fill*         0x20000189        0x3 
 .bss.TIM3_CallBack
                0x2000018c        0x4 ./src/GPTIM _program.o
 .bss.TIM3_u8ModeOfInterval
                0x20000190        0x1 ./src/GPTIM _program.o
 *fill*         0x20000191        0x3 
 .bss.TIM4_CallBack
                0x20000194        0x4 ./src/GPTIM _program.o
 .bss.TIM4_u8ModeOfInterval
                0x20000198        0x1 ./src/GPTIM _program.o
 *fill*         0x20000199        0x3 
 .bss.TIM5_CallBack
                0x2000019c        0x4 ./src/GPTIM _program.o
 .bss.TIM5_u8ModeOfInterval
                0x200001a0        0x1 ./src/GPTIM _program.o
 *fill*         0x200001a1        0x3 
 .bss.Global_u32FrameData
                0x200001a4       0xc8 ./src/IR_program.o
                0x200001a4                Global_u32FrameData
 .bss.Global_u8EdgeCounter
                0x2000026c        0x1 ./src/IR_program.o
                0x2000026c                Global_u8EdgeCounter
 .bss.Global_u8StartFlag
                0x2000026d        0x1 ./src/IR_program.o
                0x2000026d                Global_u8StartFlag
 *fill*         0x2000026e        0x2 
 .bss.Play_CallBack
                0x20000270        0x4 ./src/IR_program.o
 .bss.Global_u8IPR
                0x20000274        0x1 ./src/NVIC_program.o
 .bss.Mode_GLOBALE
                0x20000275        0x1 ./src/SYSTICK_program.o
 *fill*         0x20000276        0x2 
 .bss.SetCallBack
                0x20000278        0x4 ./src/SYSTICK_program.o
 .bss.Global_u8LedMatrixThreads
                0x2000027c        0x2 ./src/main.o
 .bss.Global_u8RemoteFlag
                0x2000027e        0x1 ./src/main.o
 .bss.Global_u8RemoteNumber
                0x2000027f        0x1 ./src/main.o
 .bss.Global_u8TaskFlagNumber
                0x20000280        0x1 ./src/main.o
 *fill*         0x20000281        0x1 
 .bss.Local_u16Counter.4081
                0x20000282        0x2 ./src/main.o
 .bss.__malloc_free_list
                0x20000284        0x4 d:/11- imt - wazeefa tech/00- imt tools/02-arm/03- imt sdk/imt_sdk_win_64/winarm/armgcc/bin/../lib/gcc/arm-none-eabi/7.2.1/../../../../arm-none-eabi/lib/thumb/v7e-m\libg_nano.a(lib_a-nano-mallocr.o)
                0x20000284                __malloc_free_list
 .bss.__malloc_sbrk_start
                0x20000288        0x4 d:/11- imt - wazeefa tech/00- imt tools/02-arm/03- imt sdk/imt_sdk_win_64/winarm/armgcc/bin/../lib/gcc/arm-none-eabi/7.2.1/../../../../arm-none-eabi/lib/thumb/v7e-m\libg_nano.a(lib_a-nano-mallocr.o)
                0x20000288                __malloc_sbrk_start
 *(COMMON)
 COMMON         0x2000028c        0x4 ./system/src/newlib/_syscalls.o
                0x2000028c                errno
 COMMON         0x20000290        0x4 ./src/DAC_program.o
                0x20000290                Global_u8DACINLoop
                0x20000291                Global_u8DACBreakLoop
                0x20000292                GLobal_u16FlagCounter
 COMMON         0x20000294        0x1 ./src/IR_program.o
                0x20000294                Global_u8Data
 COMMON         0x20000295        0x2 ./src/TFT_program.o
                0x20000295                Global_u8TFTINLoop
                0x20000296                Global_u8TFTBreakLoop
 *(.bss_end .bss_end.*)
 *fill*         0x20000297        0x1 
 .bss_end       0x20000298        0x4 ./system/src/newlib/_startup.o
                0x2000029c                . = ALIGN (0x4)
                0x2000029c                __bss_end__ = .
                0x2000029c                _ebss = .

.noinit_CCMRAM
 *(.noinit.CCMRAM .noinit.CCMRAM.*)

.noinit         0x2000029c        0x0
                0x2000029c                _noinit = .
 *(.noinit .noinit.*)
                0x2000029c                . = ALIGN (0x4)
                0x2000029c                _end_noinit = .
                [!provide]                PROVIDE (end, _end_noinit)
                [!provide]                PROVIDE (_end, _end_noinit)
                [!provide]                PROVIDE (__end, _end_noinit)
                [!provide]                PROVIDE (__end__, _end_noinit)

._check_stack   0x2000029c      0x100
                0x2000039c                . = (. + _Minimum_Stack_Size)
 *fill*         0x2000029c      0x100 

.b1text
 *(.b1text)
 *(.b1rodata)
 *(.b1rodata.*)

.eb0text
 *(.eb0text)
 *(.eb0rodata)
 *(.eb0rodata.*)

.eb1text
 *(.eb1text)
 *(.eb1rodata)
 *(.eb1rodata.*)

.eb2text
 *(.eb2text)
 *(.eb2rodata)
 *(.eb2rodata.*)

.eb3text
 *(.eb3text)
 *(.eb3rodata)
 *(.eb3rodata.*)

.stab
 *(.stab)

.stabstr
 *(.stabstr)

.stab.excl
 *(.stab.excl)

.stab.exclstr
 *(.stab.exclstr)

.stab.index
 *(.stab.index)

.stab.indexstr
 *(.stab.indexstr)

.comment        0x00000000       0x7e
 *(.comment)
 .comment       0x00000000       0x7e ./system/src/newlib/_exit.o
                                 0x7f (size before relaxing)
 .comment       0x0000007e       0x7f ./system/src/newlib/_sbrk.o
 .comment       0x0000007e       0x7f ./system/src/newlib/_startup.o
 .comment       0x0000007e       0x7f ./system/src/newlib/_syscalls.o
 .comment       0x0000007e       0x7f ./system/src/diag/Trace.o
 .comment       0x0000007e       0x7f ./system/src/diag/trace_impl.o
 .comment       0x0000007e       0x7f ./system/src/cortexm/_initialize_hardware.o
 .comment       0x0000007e       0x7f ./system/src/cortexm/exception_handlers.o
 .comment       0x0000007e       0x7f ./system/src/cmsis/system_stm32f4xx.o
 .comment       0x0000007e       0x7f ./system/src/cmsis/vectors_stm32f401xc.o
 .comment       0x0000007e       0x7f ./src/Amr_Diab_Frames.o
 .comment       0x0000007e       0x7f ./src/DAC_program.o
 .comment       0x0000007e       0x7f ./src/EXTI_program.o
 .comment       0x0000007e       0x7f ./src/GPIO_program.o
 .comment       0x0000007e       0x7f ./src/GPTIM _program.o
 .comment       0x0000007e       0x7f ./src/IR_program.o
 .comment       0x0000007e       0x7f ./src/MRCC_program.o
 .comment       0x0000007e       0x7f ./src/NVIC_program.o
 .comment       0x0000007e       0x7f ./src/SPI.o
 .comment       0x0000007e       0x7f ./src/STP_program.o
 .comment       0x0000007e       0x7f ./src/SYSTICK_program.o
 .comment       0x0000007e       0x7f ./src/TFT_program.o
 .comment       0x0000007e       0x7f ./src/Tamer_Ashour_Frames.o
 .comment       0x0000007e       0x7f ./src/UART_Prog.o
 .comment       0x0000007e       0x7f ./src/main.o

.ARM.attributes
                0x00000000       0x31
 .ARM.attributes
                0x00000000       0x33 ./system/src/newlib/_exit.o
 .ARM.attributes
                0x00000033       0x33 ./system/src/newlib/_sbrk.o
 .ARM.attributes
                0x00000066       0x33 ./system/src/newlib/_startup.o
 .ARM.attributes
                0x00000099       0x33 ./system/src/newlib/_syscalls.o
 .ARM.attributes
                0x000000cc       0x33 ./system/src/diag/Trace.o
 .ARM.attributes
                0x000000ff       0x33 ./system/src/diag/trace_impl.o
 .ARM.attributes
                0x00000132       0x33 ./system/src/cortexm/_initialize_hardware.o
 .ARM.attributes
                0x00000165       0x33 ./system/src/cortexm/exception_handlers.o
 .ARM.attributes
                0x00000198       0x33 ./system/src/cmsis/system_stm32f4xx.o
 .ARM.attributes
                0x000001cb       0x33 ./system/src/cmsis/vectors_stm32f401xc.o
 .ARM.attributes
                0x000001fe       0x33 ./src/Amr_Diab_Frames.o
 .ARM.attributes
                0x00000231       0x33 ./src/DAC_program.o
 .ARM.attributes
                0x00000264       0x33 ./src/EXTI_program.o
 .ARM.attributes
                0x00000297       0x33 ./src/GPIO_program.o
 .ARM.attributes
                0x000002ca       0x33 ./src/GPTIM _program.o
 .ARM.attributes
                0x000002fd       0x33 ./src/IR_program.o
 .ARM.attributes
                0x00000330       0x33 ./src/MRCC_program.o
 .ARM.attributes
                0x00000363       0x33 ./src/NVIC_program.o
 .ARM.attributes
                0x00000396       0x33 ./src/SPI.o
 .ARM.attributes
                0x000003c9       0x33 ./src/STP_program.o
 .ARM.attributes
                0x000003fc       0x33 ./src/SYSTICK_program.o
 .ARM.attributes
                0x0000042f       0x33 ./src/TFT_program.o
 .ARM.attributes
                0x00000462       0x33 ./src/Tamer_Ashour_Frames.o
 .ARM.attributes
                0x00000495       0x33 ./src/UART_Prog.o
 .ARM.attributes
                0x000004c8       0x33 ./src/main.o
 .ARM.attributes
                0x000004fb       0x2e d:/11- imt - wazeefa tech/00- imt tools/02-arm/03- imt sdk/imt_sdk_win_64/winarm/armgcc/bin/../lib/gcc/arm-none-eabi/7.2.1/../../../../arm-none-eabi/lib/thumb/v7e-m\libg_nano.a(lib_a-errno.o)
 .ARM.attributes
                0x00000529       0x2e d:/11- imt - wazeefa tech/00- imt tools/02-arm/03- imt sdk/imt_sdk_win_64/winarm/armgcc/bin/../lib/gcc/arm-none-eabi/7.2.1/../../../../arm-none-eabi/lib/thumb/v7e-m\libg_nano.a(lib_a-impure.o)
 .ARM.attributes
                0x00000557       0x2e d:/11- imt - wazeefa tech/00- imt tools/02-arm/03- imt sdk/imt_sdk_win_64/winarm/armgcc/bin/../lib/gcc/arm-none-eabi/7.2.1/../../../../arm-none-eabi/lib/thumb/v7e-m\libg_nano.a(lib_a-vsnprintf.o)
 .ARM.attributes
                0x00000585       0x2e d:/11- imt - wazeefa tech/00- imt tools/02-arm/03- imt sdk/imt_sdk_win_64/winarm/armgcc/bin/../lib/gcc/arm-none-eabi/7.2.1/../../../../arm-none-eabi/lib/thumb/v7e-m\libg_nano.a(lib_a-nano-svfprintf.o)
 .ARM.attributes
                0x000005b3       0x2e d:/11- imt - wazeefa tech/00- imt tools/02-arm/03- imt sdk/imt_sdk_win_64/winarm/armgcc/bin/../lib/gcc/arm-none-eabi/7.2.1/../../../../arm-none-eabi/lib/thumb/v7e-m\libg_nano.a(lib_a-nano-vfprintf_i.o)
 .ARM.attributes
                0x000005e1       0x1c d:/11- imt - wazeefa tech/00- imt tools/02-arm/03- imt sdk/imt_sdk_win_64/winarm/armgcc/bin/../lib/gcc/arm-none-eabi/7.2.1/../../../../arm-none-eabi/lib/thumb/v7e-m\libg_nano.a(lib_a-memchr.o)
 .ARM.attributes
                0x000005fd       0x2e d:/11- imt - wazeefa tech/00- imt tools/02-arm/03- imt sdk/imt_sdk_win_64/winarm/armgcc/bin/../lib/gcc/arm-none-eabi/7.2.1/../../../../arm-none-eabi/lib/thumb/v7e-m\libg_nano.a(lib_a-memcpy-stub.o)
 .ARM.attributes
                0x0000062b       0x2e d:/11- imt - wazeefa tech/00- imt tools/02-arm/03- imt sdk/imt_sdk_win_64/winarm/armgcc/bin/../lib/gcc/arm-none-eabi/7.2.1/../../../../arm-none-eabi/lib/thumb/v7e-m\libg_nano.a(lib_a-memmove.o)
 .ARM.attributes
                0x00000659       0x2e d:/11- imt - wazeefa tech/00- imt tools/02-arm/03- imt sdk/imt_sdk_win_64/winarm/armgcc/bin/../lib/gcc/arm-none-eabi/7.2.1/../../../../arm-none-eabi/lib/thumb/v7e-m\libg_nano.a(lib_a-nano-freer.o)
 .ARM.attributes
                0x00000687       0x2e d:/11- imt - wazeefa tech/00- imt tools/02-arm/03- imt sdk/imt_sdk_win_64/winarm/armgcc/bin/../lib/gcc/arm-none-eabi/7.2.1/../../../../arm-none-eabi/lib/thumb/v7e-m\libg_nano.a(lib_a-nano-mallocr.o)
 .ARM.attributes
                0x000006b5       0x2e d:/11- imt - wazeefa tech/00- imt tools/02-arm/03- imt sdk/imt_sdk_win_64/winarm/armgcc/bin/../lib/gcc/arm-none-eabi/7.2.1/../../../../arm-none-eabi/lib/thumb/v7e-m\libg_nano.a(lib_a-nano-reallocr.o)
 .ARM.attributes
                0x000006e3       0x2e d:/11- imt - wazeefa tech/00- imt tools/02-arm/03- imt sdk/imt_sdk_win_64/winarm/armgcc/bin/../lib/gcc/arm-none-eabi/7.2.1/../../../../arm-none-eabi/lib/thumb/v7e-m\libg_nano.a(lib_a-sbrkr.o)
 .ARM.attributes
                0x00000711       0x2e d:/11- imt - wazeefa tech/00- imt tools/02-arm/03- imt sdk/imt_sdk_win_64/winarm/armgcc/bin/../lib/gcc/arm-none-eabi/7.2.1/../../../../arm-none-eabi/lib/thumb/v7e-m\libg_nano.a(lib_a-mlock.o)
 .ARM.attributes
                0x0000073f       0x2e d:/11- imt - wazeefa tech/00- imt tools/02-arm/03- imt sdk/imt_sdk_win_64/winarm/armgcc/bin/../lib/gcc/arm-none-eabi/7.2.1/../../../../arm-none-eabi/lib/thumb/v7e-m\libg_nano.a(lib_a-nano-msizer.o)

.debug
 *(.debug)

.line
 *(.line)

.debug_srcinfo
 *(.debug_srcinfo)

.debug_sfnames
 *(.debug_sfnames)

.debug_aranges  0x00000000      0x870
 *(.debug_aranges)
 .debug_aranges
                0x00000000       0x28 ./system/src/newlib/_exit.o
 .debug_aranges
                0x00000028       0x20 ./system/src/newlib/_sbrk.o
 .debug_aranges
                0x00000048       0x40 ./system/src/newlib/_startup.o
 .debug_aranges
                0x00000088       0x30 ./system/src/newlib/_syscalls.o
 .debug_aranges
                0x000000b8       0x38 ./system/src/diag/Trace.o
 .debug_aranges
                0x000000f0       0x30 ./system/src/diag/trace_impl.o
 .debug_aranges
                0x00000120       0x28 ./system/src/cortexm/_initialize_hardware.o
 .debug_aranges
                0x00000148       0x90 ./system/src/cortexm/exception_handlers.o
 .debug_aranges
                0x000001d8       0x28 ./system/src/cmsis/system_stm32f4xx.o
 .debug_aranges
                0x00000200       0x20 ./system/src/cmsis/vectors_stm32f401xc.o
 .debug_aranges
                0x00000220      0x108 ./src/Amr_Diab_Frames.o
 .debug_aranges
                0x00000328       0x28 ./src/DAC_program.o
 .debug_aranges
                0x00000350       0x50 ./src/EXTI_program.o
 .debug_aranges
                0x000003a0       0x48 ./src/GPIO_program.o
 .debug_aranges
                0x000003e8      0x118 ./src/GPTIM _program.o
 .debug_aranges
                0x00000500       0x30 ./src/IR_program.o
 .debug_aranges
                0x00000530       0x30 ./src/MRCC_program.o
 .debug_aranges
                0x00000560       0x48 ./src/NVIC_program.o
 .debug_aranges
                0x000005a8       0x28 ./src/SPI.o
 .debug_aranges
                0x000005d0       0x30 ./src/STP_program.o
 .debug_aranges
                0x00000600       0x70 ./src/SYSTICK_program.o
 .debug_aranges
                0x00000670       0x38 ./src/TFT_program.o
 .debug_aranges
                0x000006a8      0x100 ./src/Tamer_Ashour_Frames.o
 .debug_aranges
                0x000007a8       0x90 ./src/UART_Prog.o
 .debug_aranges
                0x00000838       0x38 ./src/main.o

.debug_pubnames
 *(.debug_pubnames)

.debug_info     0x00000000     0xc983
 *(.debug_info .gnu.linkonce.wi.*)
 .debug_info    0x00000000      0x956 ./system/src/newlib/_exit.o
 .debug_info    0x00000956      0x942 ./system/src/newlib/_sbrk.o
 .debug_info    0x00001298      0x4bf ./system/src/newlib/_startup.o
 .debug_info    0x00001757      0xa19 ./system/src/newlib/_syscalls.o
 .debug_info    0x00002170      0xb2a ./system/src/diag/Trace.o
 .debug_info    0x00002c9a      0xb6b ./system/src/diag/trace_impl.o
 .debug_info    0x00003805      0xade ./system/src/cortexm/_initialize_hardware.o
 .debug_info    0x000042e3     0x115a ./system/src/cortexm/exception_handlers.o
 .debug_info    0x0000543d      0xcfe ./system/src/cmsis/system_stm32f4xx.o
 .debug_info    0x0000613b       0xca ./system/src/cmsis/vectors_stm32f401xc.o
 .debug_info    0x00006205     0x1642 ./src/Amr_Diab_Frames.o
 .debug_info    0x00007847      0x58e ./src/DAC_program.o
 .debug_info    0x00007dd5      0x36e ./src/EXTI_program.o
 .debug_info    0x00008143      0x33c ./src/GPIO_program.o
 .debug_info    0x0000847f      0x851 ./src/GPTIM _program.o
 .debug_info    0x00008cd0      0x1b0 ./src/IR_program.o
 .debug_info    0x00008e80      0x2eb ./src/MRCC_program.o
 .debug_info    0x0000916b      0x2d4 ./src/NVIC_program.o
 .debug_info    0x0000943f      0x130 ./src/SPI.o
 .debug_info    0x0000956f      0x2c0 ./src/STP_program.o
 .debug_info    0x0000982f      0x2ea ./src/SYSTICK_program.o
 .debug_info    0x00009b19      0x4eb ./src/TFT_program.o
 .debug_info    0x0000a004     0x1779 ./src/Tamer_Ashour_Frames.o
 .debug_info    0x0000b77d      0x32d ./src/UART_Prog.o
 .debug_info    0x0000baaa      0xed9 ./src/main.o

.debug_abbrev   0x00000000     0x241d
 *(.debug_abbrev)
 .debug_abbrev  0x00000000      0x1f3 ./system/src/newlib/_exit.o
 .debug_abbrev  0x000001f3      0x1fc ./system/src/newlib/_sbrk.o
 .debug_abbrev  0x000003ef      0x1cb ./system/src/newlib/_startup.o
 .debug_abbrev  0x000005ba      0x234 ./system/src/newlib/_syscalls.o
 .debug_abbrev  0x000007ee      0x276 ./system/src/diag/Trace.o
 .debug_abbrev  0x00000a64      0x2ef ./system/src/diag/trace_impl.o
 .debug_abbrev  0x00000d53      0x1de ./system/src/cortexm/_initialize_hardware.o
 .debug_abbrev  0x00000f31      0x32b ./system/src/cortexm/exception_handlers.o
 .debug_abbrev  0x0000125c      0x216 ./system/src/cmsis/system_stm32f4xx.o
 .debug_abbrev  0x00001472       0x9d ./system/src/cmsis/vectors_stm32f401xc.o
 .debug_abbrev  0x0000150f       0x8b ./src/Amr_Diab_Frames.o
 .debug_abbrev  0x0000159a       0xf1 ./src/DAC_program.o
 .debug_abbrev  0x0000168b      0x11a ./src/EXTI_program.o
 .debug_abbrev  0x000017a5       0xed ./src/GPIO_program.o
 .debug_abbrev  0x00001892      0x19b ./src/GPTIM _program.o
 .debug_abbrev  0x00001a2d      0x10a ./src/IR_program.o
 .debug_abbrev  0x00001b37       0xc2 ./src/MRCC_program.o
 .debug_abbrev  0x00001bf9      0x10a ./src/NVIC_program.o
 .debug_abbrev  0x00001d03       0xaa ./src/SPI.o
 .debug_abbrev  0x00001dad       0xc1 ./src/STP_program.o
 .debug_abbrev  0x00001e6e      0x142 ./src/SYSTICK_program.o
 .debug_abbrev  0x00001fb0       0xfa ./src/TFT_program.o
 .debug_abbrev  0x000020aa       0xae ./src/Tamer_Ashour_Frames.o
 .debug_abbrev  0x00002158      0x19a ./src/UART_Prog.o
 .debug_abbrev  0x000022f2      0x12b ./src/main.o

.debug_line     0x00000000     0x5e21
 *(.debug_line)
 .debug_line    0x00000000      0x3d7 ./system/src/newlib/_exit.o
 .debug_line    0x000003d7      0x38b ./system/src/newlib/_sbrk.o
 .debug_line    0x00000762      0x453 ./system/src/newlib/_startup.o
 .debug_line    0x00000bb5      0x4c3 ./system/src/newlib/_syscalls.o
 .debug_line    0x00001078      0x453 ./system/src/diag/Trace.o
 .debug_line    0x000014cb      0xb47 ./system/src/diag/trace_impl.o
 .debug_line    0x00002012      0xab0 ./system/src/cortexm/_initialize_hardware.o
 .debug_line    0x00002ac2      0xbfe ./system/src/cortexm/exception_handlers.o
 .debug_line    0x000036c0      0xab6 ./system/src/cmsis/system_stm32f4xx.o
 .debug_line    0x00004176      0x124 ./system/src/cmsis/vectors_stm32f401xc.o
 .debug_line    0x0000429a      0x364 ./src/Amr_Diab_Frames.o
 .debug_line    0x000045fe      0x11a ./src/DAC_program.o
 .debug_line    0x00004718      0x11d ./src/EXTI_program.o
 .debug_line    0x00004835      0x154 ./src/GPIO_program.o
 .debug_line    0x00004989      0x495 ./src/GPTIM _program.o
 .debug_line    0x00004e1e      0x126 ./src/IR_program.o
 .debug_line    0x00004f44       0xe1 ./src/MRCC_program.o
 .debug_line    0x00005025      0x109 ./src/NVIC_program.o
 .debug_line    0x0000512e       0xb9 ./src/SPI.o
 .debug_line    0x000051e7      0x126 ./src/STP_program.o
 .debug_line    0x0000530d      0x186 ./src/SYSTICK_program.o
 .debug_line    0x00005493      0x159 ./src/TFT_program.o
 .debug_line    0x000055ec      0x340 ./src/Tamer_Ashour_Frames.o
 .debug_line    0x0000592c      0x1f7 ./src/UART_Prog.o
 .debug_line    0x00005b23      0x2fe ./src/main.o

.debug_frame    0x00000000     0x14ec
 *(.debug_frame)
 .debug_frame   0x00000000       0x38 ./system/src/newlib/_exit.o
 .debug_frame   0x00000038       0x28 ./system/src/newlib/_sbrk.o
 .debug_frame   0x00000060       0x7c ./system/src/newlib/_startup.o
 .debug_frame   0x000000dc       0x50 ./system/src/newlib/_syscalls.o
 .debug_frame   0x0000012c       0x94 ./system/src/diag/Trace.o
 .debug_frame   0x000001c0       0x64 ./system/src/diag/trace_impl.o
 .debug_frame   0x00000224       0x40 ./system/src/cortexm/_initialize_hardware.o
 .debug_frame   0x00000264      0x158 ./system/src/cortexm/exception_handlers.o
 .debug_frame   0x000003bc       0x30 ./system/src/cmsis/system_stm32f4xx.o
 .debug_frame   0x000003ec       0x20 ./system/src/cmsis/vectors_stm32f401xc.o
 .debug_frame   0x0000040c      0x2e0 ./src/Amr_Diab_Frames.o
 .debug_frame   0x000006ec       0x44 ./src/DAC_program.o
 .debug_frame   0x00000730       0x9c ./src/EXTI_program.o
 .debug_frame   0x000007cc       0xa4 ./src/GPIO_program.o
 .debug_frame   0x00000870      0x260 ./src/GPTIM _program.o
 .debug_frame   0x00000ad0       0x50 ./src/IR_program.o
 .debug_frame   0x00000b20       0x40 ./src/MRCC_program.o
 .debug_frame   0x00000b60       0xa0 ./src/NVIC_program.o
 .debug_frame   0x00000c00       0x30 ./src/SPI.o
 .debug_frame   0x00000c30       0x5c ./src/STP_program.o
 .debug_frame   0x00000c8c       0xe8 ./src/SYSTICK_program.o
 .debug_frame   0x00000d74       0x74 ./src/TFT_program.o
 .debug_frame   0x00000de8      0x2c8 ./src/Tamer_Ashour_Frames.o
 .debug_frame   0x000010b0      0x114 ./src/UART_Prog.o
 .debug_frame   0x000011c4       0x60 ./src/main.o
 .debug_frame   0x00001224       0x20 d:/11- imt - wazeefa tech/00- imt tools/02-arm/03- imt sdk/imt_sdk_win_64/winarm/armgcc/bin/../lib/gcc/arm-none-eabi/7.2.1/../../../../arm-none-eabi/lib/thumb/v7e-m\libg_nano.a(lib_a-errno.o)
 .debug_frame   0x00001244       0x4c d:/11- imt - wazeefa tech/00- imt tools/02-arm/03- imt sdk/imt_sdk_win_64/winarm/armgcc/bin/../lib/gcc/arm-none-eabi/7.2.1/../../../../arm-none-eabi/lib/thumb/v7e-m\libg_nano.a(lib_a-vsnprintf.o)
 .debug_frame   0x00001290       0x90 d:/11- imt - wazeefa tech/00- imt tools/02-arm/03- imt sdk/imt_sdk_win_64/winarm/armgcc/bin/../lib/gcc/arm-none-eabi/7.2.1/../../../../arm-none-eabi/lib/thumb/v7e-m\libg_nano.a(lib_a-nano-svfprintf.o)
 .debug_frame   0x00001320       0x60 d:/11- imt - wazeefa tech/00- imt tools/02-arm/03- imt sdk/imt_sdk_win_64/winarm/armgcc/bin/../lib/gcc/arm-none-eabi/7.2.1/../../../../arm-none-eabi/lib/thumb/v7e-m\libg_nano.a(lib_a-nano-vfprintf_i.o)
 .debug_frame   0x00001380       0x28 d:/11- imt - wazeefa tech/00- imt tools/02-arm/03- imt sdk/imt_sdk_win_64/winarm/armgcc/bin/../lib/gcc/arm-none-eabi/7.2.1/../../../../arm-none-eabi/lib/thumb/v7e-m\libg_nano.a(lib_a-memcpy-stub.o)
 .debug_frame   0x000013a8       0x28 d:/11- imt - wazeefa tech/00- imt tools/02-arm/03- imt sdk/imt_sdk_win_64/winarm/armgcc/bin/../lib/gcc/arm-none-eabi/7.2.1/../../../../arm-none-eabi/lib/thumb/v7e-m\libg_nano.a(lib_a-memmove.o)
 .debug_frame   0x000013d0       0x38 d:/11- imt - wazeefa tech/00- imt tools/02-arm/03- imt sdk/imt_sdk_win_64/winarm/armgcc/bin/../lib/gcc/arm-none-eabi/7.2.1/../../../../arm-none-eabi/lib/thumb/v7e-m\libg_nano.a(lib_a-nano-freer.o)
 .debug_frame   0x00001408       0x2c d:/11- imt - wazeefa tech/00- imt tools/02-arm/03- imt sdk/imt_sdk_win_64/winarm/armgcc/bin/../lib/gcc/arm-none-eabi/7.2.1/../../../../arm-none-eabi/lib/thumb/v7e-m\libg_nano.a(lib_a-nano-mallocr.o)
 .debug_frame   0x00001434       0x3c d:/11- imt - wazeefa tech/00- imt tools/02-arm/03- imt sdk/imt_sdk_win_64/winarm/armgcc/bin/../lib/gcc/arm-none-eabi/7.2.1/../../../../arm-none-eabi/lib/thumb/v7e-m\libg_nano.a(lib_a-nano-reallocr.o)
 .debug_frame   0x00001470       0x2c d:/11- imt - wazeefa tech/00- imt tools/02-arm/03- imt sdk/imt_sdk_win_64/winarm/armgcc/bin/../lib/gcc/arm-none-eabi/7.2.1/../../../../arm-none-eabi/lib/thumb/v7e-m\libg_nano.a(lib_a-sbrkr.o)
 .debug_frame   0x0000149c       0x30 d:/11- imt - wazeefa tech/00- imt tools/02-arm/03- imt sdk/imt_sdk_win_64/winarm/armgcc/bin/../lib/gcc/arm-none-eabi/7.2.1/../../../../arm-none-eabi/lib/thumb/v7e-m\libg_nano.a(lib_a-mlock.o)
 .debug_frame   0x000014cc       0x20 d:/11- imt - wazeefa tech/00- imt tools/02-arm/03- imt sdk/imt_sdk_win_64/winarm/armgcc/bin/../lib/gcc/arm-none-eabi/7.2.1/../../../../arm-none-eabi/lib/thumb/v7e-m\libg_nano.a(lib_a-nano-msizer.o)

.debug_str      0x00000000    0x74bee
 *(.debug_str)
 .debug_str     0x00000000     0x7d34 ./system/src/newlib/_exit.o
                               0x7f07 (size before relaxing)
 .debug_str     0x00007d34      0x4f5 ./system/src/newlib/_sbrk.o
                               0x72b9 (size before relaxing)
 .debug_str     0x00008229      0xc23 ./system/src/newlib/_startup.o
                               0x6a5a (size before relaxing)
 .debug_str     0x00008e4c      0xe8b ./system/src/newlib/_syscalls.o
                               0x8194 (size before relaxing)
 .debug_str     0x00009cd7      0x826 ./system/src/diag/Trace.o
                               0x867f (size before relaxing)
 .debug_str     0x0000a4fd    0x67a2e ./system/src/diag/trace_impl.o
                              0x709a5 (size before relaxing)
 .debug_str     0x00071f2b       0xc4 ./system/src/cortexm/_initialize_hardware.o
                              0x6f737 (size before relaxing)
 .debug_str     0x00071fef      0x1a6 ./system/src/cortexm/exception_handlers.o
                              0x70b2f (size before relaxing)
 .debug_str     0x00072195      0x164 ./system/src/cmsis/system_stm32f4xx.o
                              0x6f818 (size before relaxing)
 .debug_str     0x000722f9       0x59 ./system/src/cmsis/vectors_stm32f401xc.o
                               0x3897 (size before relaxing)
 .debug_str     0x00072352      0x26a ./src/Amr_Diab_Frames.o
                               0x3010 (size before relaxing)
 .debug_str     0x000725bc      0x3b8 ./src/DAC_program.o
                               0x3198 (size before relaxing)
 .debug_str     0x00072974      0x3fc ./src/EXTI_program.o
                               0x328f (size before relaxing)
 .debug_str     0x00072d70      0x241 ./src/GPIO_program.o
                               0x3265 (size before relaxing)
 .debug_str     0x00072fb1      0x615 ./src/GPTIM _program.o
                               0x357c (size before relaxing)
 .debug_str     0x000735c6      0x103 ./src/IR_program.o
                               0x313c (size before relaxing)
 .debug_str     0x000736c9      0x3d5 ./src/MRCC_program.o
                               0x32f2 (size before relaxing)
 .debug_str     0x00073a9e      0x260 ./src/NVIC_program.o
                               0x30f3 (size before relaxing)
 .debug_str     0x00073cfe      0x28b ./src/SPI.o
                               0x311e (size before relaxing)
 .debug_str     0x00073f89       0xba ./src/STP_program.o
                               0x3163 (size before relaxing)
 .debug_str     0x00074043      0x267 ./src/SYSTICK_program.o
                               0x3173 (size before relaxing)
 .debug_str     0x000742aa      0x12e ./src/TFT_program.o
                               0x32cd (size before relaxing)
 .debug_str     0x000743d8      0x28d ./src/Tamer_Ashour_Frames.o
                               0x306a (size before relaxing)
 .debug_str     0x00074665      0x486 ./src/UART_Prog.o
                               0x3417 (size before relaxing)
 .debug_str     0x00074aeb      0x103 ./src/main.o
                               0x3e27 (size before relaxing)

.debug_loc      0x00000000     0x1dc6
 *(.debug_loc)
 .debug_loc     0x00000000       0x85 ./system/src/newlib/_sbrk.o
 .debug_loc     0x00000085      0x2cb ./system/src/newlib/_startup.o
 .debug_loc     0x00000350       0x63 ./system/src/newlib/_syscalls.o
 .debug_loc     0x000003b3       0xf6 ./system/src/diag/Trace.o
 .debug_loc     0x000004a9      0x121 ./system/src/diag/trace_impl.o
 .debug_loc     0x000005ca      0x291 ./system/src/cortexm/exception_handlers.o
 .debug_loc     0x0000085b      0x13e ./system/src/cmsis/system_stm32f4xx.o
 .debug_loc     0x00000999       0x58 ./src/DAC_program.o
 .debug_loc     0x000009f1      0x15c ./src/EXTI_program.o
 .debug_loc     0x00000b4d      0x5d8 ./src/GPIO_program.o
 .debug_loc     0x00001125      0x5ca ./src/GPTIM _program.o
 .debug_loc     0x000016ef       0x1e ./src/IR_program.o
 .debug_loc     0x0000170d      0x1e2 ./src/MRCC_program.o
 .debug_loc     0x000018ef      0x1af ./src/NVIC_program.o
 .debug_loc     0x00001a9e       0x21 ./src/SPI.o
 .debug_loc     0x00001abf       0x4b ./src/STP_program.o
 .debug_loc     0x00001b0a       0xdc ./src/SYSTICK_program.o
 .debug_loc     0x00001be6       0xe5 ./src/TFT_program.o
 .debug_loc     0x00001ccb       0xfb ./src/UART_Prog.o

.debug_macinfo
 *(.debug_macinfo)

.debug_weaknames
 *(.debug_weaknames)

.debug_funcnames
 *(.debug_funcnames)

.debug_typenames
 *(.debug_typenames)

.debug_varnames
 *(.debug_varnames)
OUTPUT(Final_Project_Version_3.elf elf32-littlearm)

.debug_ranges   0x00000000      0x770
 .debug_ranges  0x00000000       0x18 ./system/src/newlib/_exit.o
 .debug_ranges  0x00000018       0x10 ./system/src/newlib/_sbrk.o
 .debug_ranges  0x00000028       0x90 ./system/src/newlib/_startup.o
 .debug_ranges  0x000000b8       0x20 ./system/src/newlib/_syscalls.o
 .debug_ranges  0x000000d8       0x28 ./system/src/diag/Trace.o
 .debug_ranges  0x00000100       0x50 ./system/src/diag/trace_impl.o
 .debug_ranges  0x00000150       0x18 ./system/src/cortexm/_initialize_hardware.o
 .debug_ranges  0x00000168       0x80 ./system/src/cortexm/exception_handlers.o
 .debug_ranges  0x000001e8       0x18 ./system/src/cmsis/system_stm32f4xx.o
 .debug_ranges  0x00000200       0x10 ./system/src/cmsis/vectors_stm32f401xc.o
 .debug_ranges  0x00000210       0xf8 ./src/Amr_Diab_Frames.o
 .debug_ranges  0x00000308       0x18 ./src/DAC_program.o
 .debug_ranges  0x00000320       0x40 ./src/EXTI_program.o
 .debug_ranges  0x00000360       0x38 ./src/GPIO_program.o
 .debug_ranges  0x00000398      0x108 ./src/GPTIM _program.o
 .debug_ranges  0x000004a0       0x20 ./src/IR_program.o
 .debug_ranges  0x000004c0       0x20 ./src/MRCC_program.o
 .debug_ranges  0x000004e0       0x38 ./src/NVIC_program.o
 .debug_ranges  0x00000518       0x18 ./src/SPI.o
 .debug_ranges  0x00000530       0x20 ./src/STP_program.o
 .debug_ranges  0x00000550       0x60 ./src/SYSTICK_program.o
 .debug_ranges  0x000005b0       0x28 ./src/TFT_program.o
 .debug_ranges  0x000005d8       0xf0 ./src/Tamer_Ashour_Frames.o
 .debug_ranges  0x000006c8       0x80 ./src/UART_Prog.o
 .debug_ranges  0x00000748       0x28 ./src/main.o

.debug_macro    0x00000000     0x3d6e
 .debug_macro   0x00000000      0x1b4 ./system/src/newlib/_exit.o
 .debug_macro   0x000001b4      0x10e ./system/src/newlib/_exit.o
 .debug_macro   0x000002c2       0x8d ./system/src/newlib/_exit.o
 .debug_macro   0x0000034f       0x35 ./system/src/newlib/_exit.o
 .debug_macro   0x00000384      0x169 ./system/src/newlib/_sbrk.o
 .debug_macro   0x000004ed      0x174 ./system/src/newlib/_sbrk.o
 .debug_macro   0x00000661       0x10 ./system/src/newlib/_sbrk.o
 .debug_macro   0x00000671      0x23b ./system/src/newlib/_sbrk.o
 .debug_macro   0x000008ac      0x173 ./system/src/newlib/_startup.o
 .debug_macro   0x00000a1f      0xa72 ./system/src/newlib/_startup.o
 .debug_macro   0x00001491      0x217 ./system/src/newlib/_syscalls.o
 .debug_macro   0x000016a8       0x1c ./system/src/newlib/_syscalls.o
 .debug_macro   0x000016c4       0x10 ./system/src/newlib/_syscalls.o
 .debug_macro   0x000016d4       0x10 ./system/src/newlib/_syscalls.o
 .debug_macro   0x000016e4       0x10 ./system/src/newlib/_syscalls.o
 .debug_macro   0x000016f4       0x35 ./system/src/newlib/_syscalls.o
 .debug_macro   0x00001729      0x122 ./system/src/newlib/_syscalls.o
 .debug_macro   0x0000184b       0x88 ./system/src/newlib/_syscalls.o
 .debug_macro   0x000018d3       0x2b ./system/src/newlib/_syscalls.o
 .debug_macro   0x000018fe      0x118 ./system/src/newlib/_syscalls.o
 .debug_macro   0x00001a16      0x189 ./system/src/newlib/_syscalls.o
 .debug_macro   0x00001b9f       0x16 ./system/src/newlib/_syscalls.o
 .debug_macro   0x00001bb5      0x1fb ./system/src/diag/Trace.o
 .debug_macro   0x00001db0       0x4c ./system/src/diag/Trace.o
 .debug_macro   0x00001dfc       0x16 ./system/src/diag/Trace.o
 .debug_macro   0x00001e12      0x52a ./system/src/diag/trace_impl.o
 .debug_macro   0x0000233c       0x22 ./system/src/diag/trace_impl.o
 .debug_macro   0x0000235e      0x4ee ./system/src/cortexm/_initialize_hardware.o
 .debug_macro   0x0000284c      0x557 ./system/src/cortexm/exception_handlers.o
 .debug_macro   0x00002da3       0x3b ./system/src/cortexm/exception_handlers.o
 .debug_macro   0x00002dde      0x4ea ./system/src/cmsis/system_stm32f4xx.o
 .debug_macro   0x000032c8       0x34 ./system/src/cmsis/vectors_stm32f401xc.o
 .debug_macro   0x000032fc       0x2e ./src/Amr_Diab_Frames.o
 .debug_macro   0x0000332a       0x22 ./src/Amr_Diab_Frames.o
 .debug_macro   0x0000334c       0x52 ./src/DAC_program.o
 .debug_macro   0x0000339e       0x22 ./src/DAC_program.o
 .debug_macro   0x000033c0       0x64 ./src/DAC_program.o
 .debug_macro   0x00003424       0x1c ./src/DAC_program.o
 .debug_macro   0x00003440       0x3a ./src/DAC_program.o
 .debug_macro   0x0000347a       0x40 ./src/EXTI_program.o
 .debug_macro   0x000034ba       0x2e ./src/EXTI_program.o
 .debug_macro   0x000034e8       0x3f ./src/GPIO_program.o
 .debug_macro   0x00003527       0x46 ./src/GPIO_program.o
 .debug_macro   0x0000356d       0x3e ./src/GPTIM _program.o
 .debug_macro   0x000035ab       0x2e ./src/GPTIM _program.o
 .debug_macro   0x000035d9       0x16 ./src/GPTIM _program.o
 .debug_macro   0x000035ef       0x52 ./src/IR_program.o
 .debug_macro   0x00003641       0x3e ./src/MRCC_program.o
 .debug_macro   0x0000367f       0xd6 ./src/MRCC_program.o
 .debug_macro   0x00003755       0x10 ./src/MRCC_program.o
 .debug_macro   0x00003765       0x46 ./src/MRCC_program.o
 .debug_macro   0x000037ab       0x40 ./src/NVIC_program.o
 .debug_macro   0x000037eb       0x22 ./src/NVIC_program.o
 .debug_macro   0x0000380d       0x3e ./src/SPI.o
 .debug_macro   0x0000384b       0x22 ./src/SPI.o
 .debug_macro   0x0000386d       0x5e ./src/SPI.o
 .debug_macro   0x000038cb       0x2e ./src/SPI.o
 .debug_macro   0x000038f9       0x76 ./src/SPI.o
 .debug_macro   0x0000396f       0x5b ./src/STP_program.o
 .debug_macro   0x000039ca       0x1c ./src/STP_program.o
 .debug_macro   0x000039e6       0x3e ./src/SYSTICK_program.o
 .debug_macro   0x00003a24       0x3a ./src/SYSTICK_program.o
 .debug_macro   0x00003a5e       0x10 ./src/SYSTICK_program.o
 .debug_macro   0x00003a6e       0x64 ./src/TFT_program.o
 .debug_macro   0x00003ad2       0x16 ./src/TFT_program.o
 .debug_macro   0x00003ae8       0x24 ./src/Tamer_Ashour_Frames.o
 .debug_macro   0x00003b0c       0x48 ./src/UART_Prog.o
 .debug_macro   0x00003b54       0x22 ./src/UART_Prog.o
 .debug_macro   0x00003b76       0xc4 ./src/UART_Prog.o
 .debug_macro   0x00003c3a       0x64 ./src/UART_Prog.o
 .debug_macro   0x00003c9e       0xd0 ./src/main.o
